MPLINK 4.40, Linker
Linker Map File - Created Thu Nov 30 23:14:07 2023

                                 Section Info
                  Section       Type    Address   Location Size(Bytes)
                ---------  ---------  ---------  ---------  ---------
                   .org_0       code   0x000000    program   0x000000
                   .org_1       code   0x000000    program   0x000004
                   .org_2       code   0x000008    program   0x000000
                   .org_3       code   0x000018    program   0x000000
                   .org_4       code   0x000030    program   0x000062
  .config_300001_PIC1AD.O    romdata   0x300001    program   0x000001
  .config_300002_PIC1AD.O    romdata   0x300002    program   0x000001
  .config_300003_PIC1AD.O    romdata   0x300003    program   0x000001
  .config_300005_PIC1AD.O    romdata   0x300005    program   0x000001
  .config_300006_PIC1AD.O    romdata   0x300006    program   0x000001
  .config_300008_PIC1AD.O    romdata   0x300008    program   0x000001
  .config_300009_PIC1AD.O    romdata   0x300009    program   0x000001
  .config_30000A_PIC1AD.O    romdata   0x30000a    program   0x000001
  .config_30000B_PIC1AD.O    romdata   0x30000b    program   0x000001
  .config_30000C_PIC1AD.O    romdata   0x30000c    program   0x000001
  .config_30000D_PIC1AD.O    romdata   0x30000d    program   0x000001



                              Program Memory Usage 
                               Start         End      
                           ---------   ---------      
                            0x000000    0x000003      
                            0x000030    0x000091      
                            0x300001    0x300003      
                            0x300005    0x300006      
                            0x300008    0x30000d      
            113 out of 33048 program addresses used, program memory utilization is 0%



                              Symbols - Sorted by Name
                     Name    Address   Location    Storage File                     
                ---------  ---------  ---------  --------- ---------                
                    Delay   0x000084    program     static Z:\home\guilhermekoller\Documents\DMC\LAB1\Laborversuche\PIC1 AD\PIC1ad.asm
                DelayLoop   0x00008a    program     static Z:\home\guilhermekoller\Documents\DMC\LAB1\Laborversuche\PIC1 AD\PIC1ad.asm
       GenerateSquareWave   0x000076    program     static Z:\home\guilhermekoller\Documents\DMC\LAB1\Laborversuche\PIC1 AD\PIC1ad.asm
                     Init   0x000030    program     static Z:\home\guilhermekoller\Documents\DMC\LAB1\Laborversuche\PIC1 AD\PIC1ad.asm
              IntVectHigh   0x000008    program     static Z:\home\guilhermekoller\Documents\DMC\LAB1\Laborversuche\PIC1 AD\PIC1ad.asm
               IntVectLow   0x000018    program     static Z:\home\guilhermekoller\Documents\DMC\LAB1\Laborversuche\PIC1 AD\PIC1ad.asm
                 MainLoop   0x00004c    program     static Z:\home\guilhermekoller\Documents\DMC\LAB1\Laborversuche\PIC1 AD\PIC1ad.asm
                      adc   0x000062    program     static Z:\home\guilhermekoller\Documents\DMC\LAB1\Laborversuche\PIC1 AD\PIC1ad.asm
                     here   0x000056    program     static Z:\home\guilhermekoller\Documents\DMC\LAB1\Laborversuche\PIC1 AD\PIC1ad.asm
                     loop   0x000066    program     static Z:\home\guilhermekoller\Documents\DMC\LAB1\Laborversuche\PIC1 AD\PIC1ad.asm



                              Symbols - Sorted by Address
                     Name    Address   Location    Storage File                     
                ---------  ---------  ---------  --------- ---------                
              IntVectHigh   0x000008    program     static Z:\home\guilhermekoller\Documents\DMC\LAB1\Laborversuche\PIC1 AD\PIC1ad.asm
               IntVectLow   0x000018    program     static Z:\home\guilhermekoller\Documents\DMC\LAB1\Laborversuche\PIC1 AD\PIC1ad.asm
                     Init   0x000030    program     static Z:\home\guilhermekoller\Documents\DMC\LAB1\Laborversuche\PIC1 AD\PIC1ad.asm
                 MainLoop   0x00004c    program     static Z:\home\guilhermekoller\Documents\DMC\LAB1\Laborversuche\PIC1 AD\PIC1ad.asm
                     here   0x000056    program     static Z:\home\guilhermekoller\Documents\DMC\LAB1\Laborversuche\PIC1 AD\PIC1ad.asm
                      adc   0x000062    program     static Z:\home\guilhermekoller\Documents\DMC\LAB1\Laborversuche\PIC1 AD\PIC1ad.asm
                     loop   0x000066    program     static Z:\home\guilhermekoller\Documents\DMC\LAB1\Laborversuche\PIC1 AD\PIC1ad.asm
       GenerateSquareWave   0x000076    program     static Z:\home\guilhermekoller\Documents\DMC\LAB1\Laborversuche\PIC1 AD\PIC1ad.asm
                    Delay   0x000084    program     static Z:\home\guilhermekoller\Documents\DMC\LAB1\Laborversuche\PIC1 AD\PIC1ad.asm
                DelayLoop   0x00008a    program     static Z:\home\guilhermekoller\Documents\DMC\LAB1\Laborversuche\PIC1 AD\PIC1ad.asm


